// Jest Snapshot v1, https://goo.gl/fbAQLP

exports[`<Hull /> should render the hull value 1`] = `
<div>
  7
</div>
`;
