// Jest Snapshot v1, https://goo.gl/fbAQLP

exports[`<Shields /> should render the shields value 1`] = `
<div>
  5
</div>
`;
